Fitter Status : Successful - Wed Sep 11 14:08:15 2024
Quartus Prime Version : 21.1.1 Build 850 06/23/2022 SJ Standard Edition
Revision Name : system_fpga
Top-level Entity Name : system_fpga
Family : Cyclone IV E
Device : EP4CE115F29C8
Timing Models : Final
Total logic elements : 3,235 / 114,480 ( 3 % )
    Total combinational functions : 2,977 / 114,480 ( 3 % )
    Dedicated logic registers : 1,293 / 114,480 ( 1 % )
Total registers : 1294
Total pins : 106 / 529 ( 20 % )
Total virtual pins : 0
Total memory bits : 524,288 / 3,981,312 ( 13 % )
Embedded Multiplier 9-bit elements : 0 / 532 ( 0 % )
Total PLLs : 0 / 4 ( 0 % )
Analysis & Synthesis Status : Successful - Wed Sep 11 13:53:30 2024
Quartus Prime Version : 21.1.1 Build 850 06/23/2022 SJ Standard Edition
Revision Name : system_fpga
Top-level Entity Name : system_fpga
Family : Cyclone IV E
Total logic elements : 3,970
    Total combinational functions : 2,977
    Dedicated logic registers : 1,293
Total registers : 1293
Total pins : 106
Total virtual pins : 0
Total memory bits : 524,288
Embedded Multiplier 9-bit elements : 0
Total PLLs : 0
------------------------------------------------------------
Timing Analyzer Summary
------------------------------------------------------------

Type  : Slow 1200mV 85C Model Setup 'CPUCLK'
Slack : -17.490
TNS   : -13011.503

Type  : Slow 1200mV 85C Model Setup 'CLK_50'
Slack : -9.947
TNS   : -946.662

Type  : Slow 1200mV 85C Model Setup 'altera_reserved_tck'
Slack : 44.724
TNS   : 0.000

Type  : Slow 1200mV 85C Model Hold 'CLK_50'
Slack : 0.442
TNS   : 0.000

Type  : Slow 1200mV 85C Model Hold 'altera_reserved_tck'
Slack : 0.443
TNS   : 0.000

Type  : Slow 1200mV 85C Model Hold 'CPUCLK'
Slack : 0.444
TNS   : 0.000

Type  : Slow 1200mV 85C Model Recovery 'CLK_50'
Slack : 2.624
TNS   : 0.000

Type  : Slow 1200mV 85C Model Recovery 'CPUCLK'
Slack : 5.368
TNS   : 0.000

Type  : Slow 1200mV 85C Model Recovery 'altera_reserved_tck'
Slack : 97.139
TNS   : 0.000

Type  : Slow 1200mV 85C Model Removal 'altera_reserved_tck'
Slack : 1.353
TNS   : 0.000

Type  : Slow 1200mV 85C Model Removal 'CPUCLK'
Slack : 2.918
TNS   : 0.000

Type  : Slow 1200mV 85C Model Removal 'CLK_50'
Slack : 6.023
TNS   : 0.000

Type  : Slow 1200mV 85C Model Minimum Pulse Width 'CLK_50'
Slack : 4.637
TNS   : 0.000

Type  : Slow 1200mV 85C Model Minimum Pulse Width 'CPUCLK'
Slack : 9.673
TNS   : 0.000

Type  : Slow 1200mV 85C Model Minimum Pulse Width 'altera_reserved_tck'
Slack : 49.501
TNS   : 0.000

Type  : Slow 1200mV 0C Model Setup 'CPUCLK'
Slack : -16.203
TNS   : -11903.888

Type  : Slow 1200mV 0C Model Setup 'CLK_50'
Slack : -8.745
TNS   : -765.425

Type  : Slow 1200mV 0C Model Setup 'altera_reserved_tck'
Slack : 45.113
TNS   : 0.000

Type  : Slow 1200mV 0C Model Hold 'CLK_50'
Slack : 0.392
TNS   : 0.000

Type  : Slow 1200mV 0C Model Hold 'altera_reserved_tck'
Slack : 0.392
TNS   : 0.000

Type  : Slow 1200mV 0C Model Hold 'CPUCLK'
Slack : 0.393
TNS   : 0.000

Type  : Slow 1200mV 0C Model Recovery 'CLK_50'
Slack : 3.240
TNS   : 0.000

Type  : Slow 1200mV 0C Model Recovery 'CPUCLK'
Slack : 5.697
TNS   : 0.000

Type  : Slow 1200mV 0C Model Recovery 'altera_reserved_tck'
Slack : 97.309
TNS   : 0.000

Type  : Slow 1200mV 0C Model Removal 'altera_reserved_tck'
Slack : 1.246
TNS   : 0.000

Type  : Slow 1200mV 0C Model Removal 'CPUCLK'
Slack : 2.661
TNS   : 0.000

Type  : Slow 1200mV 0C Model Removal 'CLK_50'
Slack : 5.479
TNS   : 0.000

Type  : Slow 1200mV 0C Model Minimum Pulse Width 'CLK_50'
Slack : 4.636
TNS   : 0.000

Type  : Slow 1200mV 0C Model Minimum Pulse Width 'CPUCLK'
Slack : 9.634
TNS   : 0.000

Type  : Slow 1200mV 0C Model Minimum Pulse Width 'altera_reserved_tck'
Slack : 49.356
TNS   : 0.000

Type  : Fast 1200mV 0C Model Setup 'CPUCLK'
Slack : -1.778
TNS   : -113.532

Type  : Fast 1200mV 0C Model Setup 'CLK_50'
Slack : 1.175
TNS   : 0.000

Type  : Fast 1200mV 0C Model Setup 'altera_reserved_tck'
Slack : 47.947
TNS   : 0.000

Type  : Fast 1200mV 0C Model Hold 'altera_reserved_tck'
Slack : 0.172
TNS   : 0.000

Type  : Fast 1200mV 0C Model Hold 'CLK_50'
Slack : 0.181
TNS   : 0.000

Type  : Fast 1200mV 0C Model Hold 'CPUCLK'
Slack : 0.182
TNS   : 0.000

Type  : Fast 1200mV 0C Model Recovery 'CLK_50'
Slack : 6.604
TNS   : 0.000

Type  : Fast 1200mV 0C Model Recovery 'CPUCLK'
Slack : 7.949
TNS   : 0.000

Type  : Fast 1200mV 0C Model Recovery 'altera_reserved_tck'
Slack : 98.737
TNS   : 0.000

Type  : Fast 1200mV 0C Model Removal 'altera_reserved_tck'
Slack : 0.567
TNS   : 0.000

Type  : Fast 1200mV 0C Model Removal 'CPUCLK'
Slack : 1.315
TNS   : 0.000

Type  : Fast 1200mV 0C Model Removal 'CLK_50'
Slack : 2.776
TNS   : 0.000

Type  : Fast 1200mV 0C Model Minimum Pulse Width 'CLK_50'
Slack : 4.200
TNS   : 0.000

Type  : Fast 1200mV 0C Model Minimum Pulse Width 'CPUCLK'
Slack : 9.772
TNS   : 0.000

Type  : Fast 1200mV 0C Model Minimum Pulse Width 'altera_reserved_tck'
Slack : 49.454
TNS   : 0.000

------------------------------------------------------------
