Fitter Status : Successful - Tue Nov 12 18:52:23 2024
Quartus Prime Version : 21.1.1 Build 850 06/23/2022 SJ Standard Edition
Revision Name : system
Top-level Entity Name : system
Family : Cyclone IV E
Device : EP4CE115F29C8
Timing Models : Final
Total logic elements : 19,628 / 114,480 ( 17 % )
    Total combinational functions : 18,445 / 114,480 ( 16 % )
    Dedicated logic registers : 8,598 / 114,480 ( 8 % )
Total registers : 8598
Total pins : 102 / 529 ( 19 % )
Total virtual pins : 0
Total memory bits : 524,288 / 3,981,312 ( 13 % )
Embedded Multiplier 9-bit elements : 0 / 532 ( 0 % )
Total PLLs : 0 / 4 ( 0 % )
Analysis & Synthesis Status : Successful - Tue Nov 12 18:47:57 2024
Quartus Prime Version : 21.1.1 Build 850 06/23/2022 SJ Standard Edition
Revision Name : system
Top-level Entity Name : system
Family : Cyclone IV E
Total logic elements : 24,805
    Total combinational functions : 18,445
    Dedicated logic registers : 8,598
Total registers : 8598
Total pins : 102
Total virtual pins : 0
Total memory bits : 524,288
Embedded Multiplier 9-bit elements : 0
Total PLLs : 0
------------------------------------------------------------
Timing Analyzer Summary
------------------------------------------------------------

Type  : Slow 1200mV 85C Model Setup 'CLK'
Slack : -8.793
TNS   : -1362.930

Type  : Slow 1200mV 85C Model Setup 'CPUCLK'
Slack : -2.370
TNS   : -3476.973

Type  : Slow 1200mV 85C Model Setup 'altera_reserved_tck'
Slack : 43.555
TNS   : 0.000

Type  : Slow 1200mV 85C Model Hold 'CLK'
Slack : 0.442
TNS   : 0.000

Type  : Slow 1200mV 85C Model Hold 'CPUCLK'
Slack : 0.442
TNS   : 0.000

Type  : Slow 1200mV 85C Model Hold 'altera_reserved_tck'
Slack : 0.442
TNS   : 0.000

Type  : Slow 1200mV 85C Model Recovery 'altera_reserved_tck'
Slack : 97.077
TNS   : 0.000

Type  : Slow 1200mV 85C Model Removal 'altera_reserved_tck'
Slack : 1.306
TNS   : 0.000

Type  : Slow 1200mV 85C Model Minimum Pulse Width 'CLK'
Slack : 3.862
TNS   : 0.000

Type  : Slow 1200mV 85C Model Minimum Pulse Width 'CPUCLK'
Slack : 7.739
TNS   : 0.000

Type  : Slow 1200mV 85C Model Minimum Pulse Width 'altera_reserved_tck'
Slack : 49.498
TNS   : 0.000

Type  : Slow 1200mV 0C Model Setup 'CLK'
Slack : -7.821
TNS   : -1161.520

Type  : Slow 1200mV 0C Model Setup 'CPUCLK'
Slack : -1.465
TNS   : -901.111

Type  : Slow 1200mV 0C Model Setup 'altera_reserved_tck'
Slack : 43.948
TNS   : 0.000

Type  : Slow 1200mV 0C Model Hold 'CLK'
Slack : 0.391
TNS   : 0.000

Type  : Slow 1200mV 0C Model Hold 'CPUCLK'
Slack : 0.391
TNS   : 0.000

Type  : Slow 1200mV 0C Model Hold 'altera_reserved_tck'
Slack : 0.392
TNS   : 0.000

Type  : Slow 1200mV 0C Model Recovery 'altera_reserved_tck'
Slack : 97.300
TNS   : 0.000

Type  : Slow 1200mV 0C Model Removal 'altera_reserved_tck'
Slack : 1.210
TNS   : 0.000

Type  : Slow 1200mV 0C Model Minimum Pulse Width 'CLK'
Slack : 3.856
TNS   : 0.000

Type  : Slow 1200mV 0C Model Minimum Pulse Width 'CPUCLK'
Slack : 7.495
TNS   : 0.000

Type  : Slow 1200mV 0C Model Minimum Pulse Width 'altera_reserved_tck'
Slack : 49.354
TNS   : 0.000

Type  : Fast 1200mV 0C Model Setup 'CLK'
Slack : 0.706
TNS   : 0.000

Type  : Fast 1200mV 0C Model Setup 'CPUCLK'
Slack : 4.814
TNS   : 0.000

Type  : Fast 1200mV 0C Model Setup 'altera_reserved_tck'
Slack : 47.298
TNS   : 0.000

Type  : Fast 1200mV 0C Model Hold 'CPUCLK'
Slack : 0.179
TNS   : 0.000

Type  : Fast 1200mV 0C Model Hold 'altera_reserved_tck'
Slack : 0.180
TNS   : 0.000

Type  : Fast 1200mV 0C Model Hold 'CLK'
Slack : 0.181
TNS   : 0.000

Type  : Fast 1200mV 0C Model Recovery 'altera_reserved_tck'
Slack : 98.683
TNS   : 0.000

Type  : Fast 1200mV 0C Model Removal 'altera_reserved_tck'
Slack : 0.549
TNS   : 0.000

Type  : Fast 1200mV 0C Model Minimum Pulse Width 'CLK'
Slack : 3.538
TNS   : 0.000

Type  : Fast 1200mV 0C Model Minimum Pulse Width 'CPUCLK'
Slack : 7.837
TNS   : 0.000

Type  : Fast 1200mV 0C Model Minimum Pulse Width 'altera_reserved_tck'
Slack : 49.455
TNS   : 0.000

------------------------------------------------------------
